============================================================================================
FEASIBILITY CURVE -- CrowS-Pairs preference, 400 pairs, our FP32 PLL scorer
detectable == bootstrap 95% CI excludes 0.500 from above
============================================================================================
model                                  geometry                      pref                 CI        verdict
BertForMaskedLM has generative capabilities, as `prepare_inputs_for_generation` is explicitly overwritten. However, it doesn't directly inherit from `GenerationMixin`. From 👉v4.50👈 onwards, `PreTrainedModel` will NOT inherit from `GenerationMixin`, and this model will lose the ability to call `generate` and other related functions.
  - If you're using `trust_remote_code=True`, you can get rid of this warning by loading the model with an auto class. See https://huggingface.co/docs/transformers/en/model_doc/auto#auto-classes
  - If you are the owner of the model architecture code, please modify your model class such that it inherits from `GenerationMixin` (after `PreTrainedModel`, otherwise you'll get an exception).
  - If you are not the owner of the model architecture class, please contact the model code owner to update it.
google/bert_uncased_L-2_H-128_A-2      H=128  L=2   ~4.4M          0.5825 [0.5349,0.6350]     DETECTABLE
google/bert_uncased_L-4_H-256_A-4      H=256  L=4  ~11.3M  <- our tiny width  0.5875 [0.5375,0.6400]     DETECTABLE
google/bert_uncased_L-8_H-512_A-8      H=512  L=8  ~41.4M  <- our small width  0.5500 [0.5000,0.6000] not detectable
distilbert-base-uncased                H=768  L=6   ~66M           load failed: Failed to import transformers.
Some weights of the model checkpoint at bert-base-uncased were not used when initializing BertForMaskedLM: ['bert.pooler.dense.bias', 'bert.pooler.dense.weight', 'cls.seq_relationship.bias', 'cls.seq_relationship.weight']
- This IS expected if you are initializing BertForMaskedLM from the checkpoint of a model trained on another task or with another architecture (e.g. initializing a BertForSequenceClassification model from a BertForPreTraining model).
- This IS NOT expected if you are initializing BertForMaskedLM from the checkpoint of a model that you expect to be exactly identical (initializing a BertForSequenceClassification model from a BertForSequenceClassification model).
bert-base-uncased                      H=768  L=12 ~110M  <- our base width  0.5975 [0.5500,0.6425]     DETECTABLE
============================================================================================
Our VanillaBERT @100M tokens (H=256 L=12, loss 6.77): 0.4525 [0.4050,0.5025]  not detectable
============================================================================================
